"New file created"
"New line 2nd line"



Microsoft Windows [Version 10.0.19045.2364]
(c) Microsoft Corporation. All rights reserved.

C:\Users\SHAIK ABRAR UL HAQ>git
usage: git [-v | --version] [-h | --help] [-C <path>] [-c <name>=<value>]
           [--exec-path[=<path>]] [--html-path] [--man-path] [--info-path]
           [-p | --paginate | -P | --no-pager] [--no-replace-objects] [--bare]
           [--git-dir=<path>] [--work-tree=<path>] [--namespace=<name>]
           [--super-prefix=<path>] [--config-env=<name>=<envvar>]
           <command> [<args>]

These are common Git commands used in various situations:

start a working area (see also: git help tutorial)
   clone     Clone a repository into a new directory
   init      Create an empty Git repository or reinitialize an existing one

work on the current change (see also: git help everyday)
   add       Add file contents to the index
   mv        Move or rename a file, a directory, or a symlink
   restore   Restore working tree files
   rm        Remove files from the working tree and from the index

examine the history and state (see also: git help revisions)
   bisect    Use binary search to find the commit that introduced a bug
   diff      Show changes between commits, commit and working tree, etc
   grep      Print lines matching a pattern
   log       Show commit logs
   show      Show various types of objects
   status    Show the working tree status

grow, mark and tweak your common history
   branch    List, create, or delete branches
   commit    Record changes to the repository
   merge     Join two or more development histories together
   rebase    Reapply commits on top of another base tip
   reset     Reset current HEAD to the specified state
   switch    Switch branches
   tag       Create, list, delete or verify a tag object signed with GPG

collaborate (see also: git help workflows)
   fetch     Download objects and refs from another repository
   pull      Fetch from and integrate with another repository or a local branch
   push      Update remote refs along with associated objects

'git help -a' and 'git help -g' list available subcommands and some
concept guides. See 'git help <command>' or 'git help <concept>'
to read about a specific subcommand or concept.
See 'git help git' for an overview of the system.

C:\Users\SHAIK ABRAR UL HAQ>git --version
git version 2.39.0.windows.2

C:\Users\SHAIK ABRAR UL HAQ>git status
fatal: not a git repository (or any of the parent directories): .git

C:\Users\SHAIK ABRAR UL HAQ>cd ..

C:\Users>cd ..

C:\>cd Desktop
The system cannot find the path specified.

C:\>mkdir Abrargit

C:\>cd Abrargit

C:\Abrargit>git init repo1
Initialized empty Git repository in C:/Abrargit/repo1/.git/

C:\Abrargit>ls
'ls' is not recognized as an internal or external command,
operable program or batch file.

C:\Abrargit>--ls
'--ls' is not recognized as an internal or external command,
operable program or batch file.

C:\Abrargit>-l
'-l' is not recognized as an internal or external command,
operable program or batch file.

C:\Abrargit>git status
fatal: not a git repository (or any of the parent directories): .git

C:\Abrargit>cd repo1

C:\Abrargit\repo1>-l
'-l' is not recognized as an internal or external command,
operable program or batch file.

C:\Abrargit\repo1>list
'list' is not recognized as an internal or external command,
operable program or batch file.

C:\Abrargit\repo1>dir -s
 Volume in drive C is Windows
 Volume Serial Number is A238-DD90

 Directory of C:\Abrargit\repo1

File Not Found

C:\Abrargit\repo1>git status
On branch master

No commits yet

nothing to commit (create/copy files and use "git add" to track)

C:\Abrargit\repo1>git log
fatal: your current branch 'master' does not have any commits yet

C:\Abrargit\repo1>git config --global user.name "Abrar"

C:\Abrargit\repo1>git config --global user.email "209x1a05g2@gprec.ac.in"

C:\Abrargit\repo1>git config --lisr
error: unknown option `lisr'
usage: git config [<options>]

Config file location
    --global              use global config file
    --system              use system config file
    --local               use repository config file
    --worktree            use per-worktree config file
    -f, --file <file>     use given config file
    --blob <blob-id>      read config from given blob object

Action
    --get                 get value: name [value-pattern]
    --get-all             get all values: key [value-pattern]
    --get-regexp          get values for regexp: name-regex [value-pattern]
    --get-urlmatch        get value specific for the URL: section[.var] URL
    --replace-all         replace all matching variables: name value [value-pattern]
    --add                 add a new variable: name value
    --unset               remove a variable: name [value-pattern]
    --unset-all           remove all matches: name [value-pattern]
    --rename-section      rename section: old-name new-name
    --remove-section      remove a section: name
    -l, --list            list all
    --fixed-value         use string equality when comparing values to 'value-pattern'
    -e, --edit            open an editor
    --get-color           find the color configured: slot [default]
    --get-colorbool       find the color setting: slot [stdout-is-tty]

Type
    -t, --type <type>     value is given this type
    --bool                value is "true" or "false"
    --int                 value is decimal number
    --bool-or-int         value is --bool or --int
    --bool-or-str         value is --bool or string
    --path                value is a path (file or directory name)
    --expiry-date         value is an expiry date

Other
    -z, --null            terminate values with NUL byte
    --name-only           show variable names only
    --includes            respect include directives on lookup
    --show-origin         show origin of config (file, standard input, blob, command line)
    --show-scope          show scope of config (worktree, local, global, system, command)
    --default <value>     with --get, use default value when missing entry


C:\Abrargit\repo1>git config --list
diff.astextplain.textconv=astextplain
filter.lfs.clean=git-lfs clean -- %f
filter.lfs.smudge=git-lfs smudge -- %f
filter.lfs.process=git-lfs filter-process
filter.lfs.required=true
http.sslbackend=openssl
http.sslcainfo=C:/Program Files/Git/mingw64/ssl/certs/ca-bundle.crt
core.autocrlf=true
core.fscache=true
core.symlinks=false
pull.rebase=false
credential.helper=manager
credential.https://dev.azure.com.usehttppath=true
init.defaultbranch=master
filter.lfs.required=true
filter.lfs.clean=git-lfs clean -- %f
filter.lfs.smudge=git-lfs smudge -- %f
filter.lfs.process=git-lfs filter-process
user.name=Abrar
user.email=209x1a05g2@gprec.ac.in
core.repositoryformatversion=0
core.filemode=false
core.bare=false
core.logallrefupdates=true
core.symlinks=false
core.ignorecase=true

C:\Abrargit\repo1>git status
On branch master

No commits yet

nothing to commit (create/copy files and use "git add" to track)

C:\Abrargit\repo1>type javafile.java
The system cannot find the file specified.

C:\Abrargit\repo1>echo "New file created">>file1.txt

C:\Abrargit\repo1>git config -l
diff.astextplain.textconv=astextplain
filter.lfs.clean=git-lfs clean -- %f
filter.lfs.smudge=git-lfs smudge -- %f
filter.lfs.process=git-lfs filter-process
filter.lfs.required=true
http.sslbackend=openssl
http.sslcainfo=C:/Program Files/Git/mingw64/ssl/certs/ca-bundle.crt
core.autocrlf=true
core.fscache=true
core.symlinks=false
pull.rebase=false
credential.helper=manager
credential.https://dev.azure.com.usehttppath=true
init.defaultbranch=master
filter.lfs.required=true
filter.lfs.clean=git-lfs clean -- %f
filter.lfs.smudge=git-lfs smudge -- %f
filter.lfs.process=git-lfs filter-process
user.name=Abrar
user.email=209x1a05g2@gprec.ac.in
core.repositoryformatversion=0
core.filemode=false
core.bare=false
core.logallrefupdates=true
core.symlinks=false
core.ignorecase=true

C:\Abrargit\repo1>dir
 Volume in drive C is Windows
 Volume Serial Number is A238-DD90

 Directory of C:\Abrargit\repo1

12-01-2023  21:45    <DIR>          .
12-01-2023  21:45    <DIR>          ..
12-01-2023  21:45                20 file1.txt
               1 File(s)             20 bytes
               2 Dir(s)  135,009,275,904 bytes free

C:\Abrargit\repo1>git show file1.txt
fatal: your current branch 'master' does not have any commits yet

C:\Abrargit\repo1>git status
On branch master

No commits yet

Untracked files:
  (use "git add <file>..." to include in what will be committed)
        file1.txt

nothing added to commit but untracked files present (use "git add" to track)

C:\Abrargit\repo1>git log
fatal: your current branch 'master' does not have any commits yet

C:\Abrargit\repo1>git add gile1.txt
fatal: pathspec 'gile1.txt' did not match any files

C:\Abrargit\repo1>git add file1.txt

C:\Abrargit\repo1>git status
On branch master

No commits yet

Changes to be committed:
  (use "git rm --cached <file>..." to unstage)
        new file:   file1.txt


C:\Abrargit\repo1>git show file1.txt
fatal: your current branch 'master' does not have any commits yet

C:\Abrargit\repo1>git commit -m "first commit bro"
[master (root-commit) b6f1c09] first commit bro
 1 file changed, 1 insertion(+)
 create mode 100644 file1.txt

C:\Abrargit\repo1>git show file1.txt
commit b6f1c095389b92b3857092f4579c59560d4f2176 (HEAD -> master)
Author: Abrar <209x1a05g2@gprec.ac.in>
Date:   Thu Jan 12 21:48:07 2023 +0530

    first commit bro

diff --git a/file1.txt b/file1.txt
new file mode 100644
index 0000000..0233ea9
--- /dev/null
+++ b/file1.txt
@@ -0,0 +1 @@
+"New file created"

C:\Abrargit\repo1>git log
commit b6f1c095389b92b3857092f4579c59560d4f2176 (HEAD -> master)
Author: Abrar <209x1a05g2@gprec.ac.in>
Date:   Thu Jan 12 21:48:07 2023 +0530

    first commit bro

C:\Abrargit\repo1>git status
On branch master
nothing to commit, working tree clean

C:\Abrargit\repo1>echo "New line 2nd line">>file1.txt

C:\Abrargit\repo1>git status
On branch master
Changes not staged for commit:
  (use "git add <file>..." to update what will be committed)
  (use "git restore <file>..." to discard changes in working directory)
        modified:   file1.txt

no changes added to commit (use "git add" and/or "git commit -a")

C:\Abrargit\repo1>git add .

C:\Abrargit\repo1>git status
On branch master
Changes to be committed:
  (use "git restore --staged <file>..." to unstage)
        modified:   file1.txt


C:\Abrargit\repo1>git commit -m "Second commit after adding 2nd line "
[master 5ea237e] Second commit after adding 2nd line
 1 file changed, 1 insertion(+)

C:\Abrargit\repo1>git status
On branch master
nothing to commit, working tree clean

C:\Abrargit\repo1>git log
commit 5ea237e331bbf410f4dc40c26edf145008b15933 (HEAD -> master)
Author: Abrar <209x1a05g2@gprec.ac.in>
Date:   Thu Jan 12 21:50:52 2023 +0530

    Second commit after adding 2nd line

commit b6f1c095389b92b3857092f4579c59560d4f2176
Author: Abrar <209x1a05g2@gprec.ac.in>
Date:   Thu Jan 12 21:48:07 2023 +0530

    first commit bro

C:\Abrargit\repo1>type file1.txt
"New file created"
"New line 2nd line"

C:\Abrargit\repo1>git show file1.txt
commit 5ea237e331bbf410f4dc40c26edf145008b15933 (HEAD -> master)
Author: Abrar <209x1a05g2@gprec.ac.in>
Date:   Thu Jan 12 21:50:52 2023 +0530

    Second commit after adding 2nd line

diff --git a/file1.txt b/file1.txt
index 0233ea9..0271a6b 100644
--- a/file1.txt
+++ b/file1.txt
@@ -1 +1,2 @@
 "New file created"
+"New line 2nd line"

C:\Abrargit\repo1>dir
 Volume in drive C is Windows
 Volume Serial Number is A238-DD90

 Directory of C:\Abrargit\repo1

12-01-2023  21:45    <DIR>          .
12-01-2023  21:45    <DIR>          ..
12-01-2023  21:49                41 file1.txt
               1 File(s)             41 bytes
               2 Dir(s)  135,003,045,888 bytes free

C:\Abrargit\repo1>
C:\Abrargit\repo1>echo print("Hello world")>>pythonfile.py

C:\Abrargit\repo1>git status
On branch master
Untracked files:
  (use "git add <file>..." to include in what will be committed)
        pythonfile.py

nothing added to commit but untracked files present (use "git add" to track)

C:\Abrargit\repo1>python pythonfile.py
Hello world

C:\Abrargit\repo1>type pythonfile.py
print("Hello world")

C:\Abrargit\repo1>git status
On branch master
Untracked files:
  (use "git add <file>..." to include in what will be committed)
        pythonfile.py

nothing added to commit but untracked files present (use "git add" to track)

C:\Abrargit\repo1>git add .

C:\Abrargit\repo1>git status
On branch master
Changes to be committed:
  (use "git restore --staged <file>..." to unstage)
        new file:   pythonfile.py


C:\Abrargit\repo1>git commit -m "Python hello world file added
[master fd5f76b] Python hello world file added
 1 file changed, 1 insertion(+)
 create mode 100644 pythonfile.py

C:\Abrargit\repo1>git status]
git: 'status]' is not a git command. See 'git --help'.

The most similar command is
        status

C:\Abrargit\repo1>git status
On branch master
nothing to commit, working tree clean

C:\Abrargit\repo1>git log
commit fd5f76b79199590dd04e4bb39432b2cd05c9c15e (HEAD -> master)
Author: Abrar <209x1a05g2@gprec.ac.in>
Date:   Thu Jan 12 22:00:18 2023 +0530

    Python hello world file added

commit 5ea237e331bbf410f4dc40c26edf145008b15933
Author: Abrar <209x1a05g2@gprec.ac.in>
Date:   Thu Jan 12 21:50:52 2023 +0530

    Second commit after adding 2nd line

commit b6f1c095389b92b3857092f4579c59560d4f2176
Author: Abrar <209x1a05g2@gprec.ac.in>
Date:   Thu Jan 12 21:48:07 2023 +0530

    first commit bro

C:\Abrargit\repo1>type pyhthonfile.py
The system cannot find the file specified.

C:\Abrargit\repo1>type pythonfile.py
print("Hello world")

C:\Abrargit\repo1>git status
On branch master
nothing to commit, working tree clean

C:\Abrargit\repo1>echo print('Next line in python file whithout closing single quote)>>pythonfile.txt

C:\Abrargit\repo1>del pythonfile.txt

C:\Abrargit\repo1>dir
 Volume in drive C is Windows
 Volume Serial Number is A238-DD90

 Directory of C:\Abrargit\repo1

12-01-2023  22:03    <DIR>          .
12-01-2023  22:03    <DIR>          ..
12-01-2023  21:49                41 file1.txt
12-01-2023  21:53                22 pythonfile.py
               2 File(s)             63 bytes
               2 Dir(s)  135,016,820,736 bytes free

C:\Abrargit\repo1>echo print('Next line in python file whithout closing single quote)>>pythonfile.py

C:\Abrargit\repo1>type python.py
The system cannot find the file specified.

C:\Abrargit\repo1>type pythonfile.py
print("Hello world")
print('Next line in python file whithout closing single quote)

C:\Abrargit\repo1>python pythonfile.py
  File "C:\Abrargit\repo1\pythonfile.py", line 2
    print('Next line in python file whithout closing single quote)
          ^
SyntaxError: unterminated string literal (detected at line 2)

C:\Abrargit\repo1>git status
On branch master
Changes not staged for commit:
  (use "git add <file>..." to update what will be committed)
  (use "git restore <file>..." to discard changes in working directory)
        modified:   pythonfile.py

no changes added to commit (use "git add" and/or "git commit -a")

C:\Abrargit\repo1>git restore pythonfile.py

C:\Abrargit\repo1>git status
On branch master
nothing to commit, working tree clean

C:\Abrargit\repo1>type python.py
The system cannot find the file specified.

C:\Abrargit\repo1>python pythonfile.py
Hello world

C:\Abrargit\repo1>git restore pythonfile.py

C:\Abrargit\repo1>git status
On branch master
nothing to commit, working tree clean

C:\Abrargit\repo1>type pythonfile.py
print("Hello world")

C:\Abrargit\repo1>git status
On branch master
nothing to commit, working tree clean

C:\Abrargit\repo1>git log
commit fd5f76b79199590dd04e4bb39432b2cd05c9c15e (HEAD -> master)
Author: Abrar <209x1a05g2@gprec.ac.in>
Date:   Thu Jan 12 22:00:18 2023 +0530

    Python hello world file added

commit 5ea237e331bbf410f4dc40c26edf145008b15933
Author: Abrar <209x1a05g2@gprec.ac.in>
Date:   Thu Jan 12 21:50:52 2023 +0530

    Second commit after adding 2nd line

commit b6f1c095389b92b3857092f4579c59560d4f2176
Author: Abrar <209x1a05g2@gprec.ac.in>
Date:   Thu Jan 12 21:48:07 2023 +0530

    first commit bro

C:\Abrargit\repo1>echo print('Next line in python file whithout closing single quote)>>pythonfile.py

C:\Abrargit\repo1>git restore pythonfile.py

C:\Abrargit\repo1>python pythonfile.py
Hello world

C:\Abrargit\repo1>echo print('Next line in python file whithout closing single quote)>>pythonfile.py

C:\Abrargit\repo1>type pythonfile.py
print("Hello world")
print('Next line in python file whithout closing single quote')

C:\Abrargit\repo1>git restore pythonfile.py

C:\Abrargit\repo1>type pythonfile.py
print("Hello world")

C:\Abrargit\repo1>echo print('Next line in python file whithout closing single quote)>>pythonfile.txt

C:\Abrargit\repo1>del pythonfile.txt

C:\Abrargit\repo1>echo print('Next line in python file whithout closing single quote)>>pythonfile.py

C:\Abrargit\repo1>git staus
git: 'staus' is not a git command. See 'git --help'.

The most similar command is
        status

C:\Abrargit\repo1>git status
On branch master
Changes not staged for commit:
  (use "git add <file>..." to update what will be committed)
  (use "git restore <file>..." to discard changes in working directory)
        modified:   pythonfile.py

no changes added to commit (use "git add" and/or "git commit -a")

C:\Abrargit\repo1>git add .

C:\Abrargit\repo1>git status
On branch master
Changes to be committed:
  (use "git restore --staged <file>..." to unstage)
        modified:   pythonfile.py


C:\Abrargit\repo1>git commit -m "Temporary commit"
[master f334e76] Temporary commit
 1 file changed, 1 insertion(+)

C:\Abrargit\repo1>git status
On branch master
nothing to commit, working tree clean

C:\Abrargit\repo1>git log
commit f334e760c69be285bdf8d84e9892bce00c9014bb (HEAD -> master)
Author: Abrar <209x1a05g2@gprec.ac.in>
Date:   Thu Jan 12 22:09:45 2023 +0530

    Temporary commit

commit fd5f76b79199590dd04e4bb39432b2cd05c9c15e
Author: Abrar <209x1a05g2@gprec.ac.in>
Date:   Thu Jan 12 22:00:18 2023 +0530

    Python hello world file added

commit 5ea237e331bbf410f4dc40c26edf145008b15933
Author: Abrar <209x1a05g2@gprec.ac.in>
Date:   Thu Jan 12 21:50:52 2023 +0530

    Second commit after adding 2nd line

commit b6f1c095389b92b3857092f4579c59560d4f2176
Author: Abrar <209x1a05g2@gprec.ac.in>
Date:   Thu Jan 12 21:48:07 2023 +0530

    first commit bro

C:\Abrargit\repo1>git reset fd5f76b79199590dd04e4bb39432b2cd05c9c15e
Unstaged changes after reset:
M       pythonfile.py

C:\Abrargit\repo1>git status
On branch master
Changes not staged for commit:
  (use "git add <file>..." to update what will be committed)
  (use "git restore <file>..." to discard changes in working directory)
        modified:   pythonfile.py

no changes added to commit (use "git add" and/or "git commit -a")

C:\Abrargit\repo1>git log
commit fd5f76b79199590dd04e4bb39432b2cd05c9c15e (HEAD -> master)
Author: Abrar <209x1a05g2@gprec.ac.in>
Date:   Thu Jan 12 22:00:18 2023 +0530

    Python hello world file added

commit 5ea237e331bbf410f4dc40c26edf145008b15933
Author: Abrar <209x1a05g2@gprec.ac.in>
Date:   Thu Jan 12 21:50:52 2023 +0530

    Second commit after adding 2nd line

commit b6f1c095389b92b3857092f4579c59560d4f2176
Author: Abrar <209x1a05g2@gprec.ac.in>
Date:   Thu Jan 12 21:48:07 2023 +0530

    first commit bro

C:\Abrargit\repo1>git restore pythonfile.py

C:\Abrargit\repo1>git staus
git: 'staus' is not a git command. See 'git --help'.

The most similar command is
        status

C:\Abrargit\repo1>git status
On branch master
nothing to commit, working tree clean

C:\Abrargit\repo1>git log
commit fd5f76b79199590dd04e4bb39432b2cd05c9c15e (HEAD -> master)
Author: Abrar <209x1a05g2@gprec.ac.in>
Date:   Thu Jan 12 22:00:18 2023 +0530

    Python hello world file added

commit 5ea237e331bbf410f4dc40c26edf145008b15933
Author: Abrar <209x1a05g2@gprec.ac.in>
Date:   Thu Jan 12 21:50:52 2023 +0530

    Second commit after adding 2nd line

commit b6f1c095389b92b3857092f4579c59560d4f2176
Author: Abrar <209x1a05g2@gprec.ac.in>
Date:   Thu Jan 12 21:48:07 2023 +0530

    first commit bro

C:\Abrargit\repo1>cd .git

C:\Abrargit\repo1\.git>dir
 Volume in drive C is Windows
 Volume Serial Number is A238-DD90

 Directory of C:\Abrargit\repo1\.git

12-01-2023  22:09                17 COMMIT_EDITMSG
12-01-2023  21:37               130 config
12-01-2023  21:37                73 description
12-01-2023  21:37                23 HEAD
12-01-2023  21:37    <DIR>          hooks
12-01-2023  22:12               198 index
12-01-2023  21:37    <DIR>          info
12-01-2023  21:48    <DIR>          logs
12-01-2023  22:09    <DIR>          objects
12-01-2023  22:11                41 ORIG_HEAD
12-01-2023  21:37    <DIR>          refs
               6 File(s)            482 bytes
               5 Dir(s)  134,775,042,048 bytes free

C:\Abrargit\repo1\.git> echo "temporarily added file">> temp.txt

C:\Abrargit\repo1\.git>git restore temp.txt
fatal: this operation must be run in a work tree

C:\Abrargit\repo1\.git>cd ..

C:\Abrargit\repo1>git restore temp.txt
error: pathspec 'temp.txt' did not match any file(s) known to git

C:\Abrargit\repo1>cd .git

C:\Abrargit\repo1\.git>del temp.txt

C:\Abrargit\repo1\.git>git log
commit fd5f76b79199590dd04e4bb39432b2cd05c9c15e (HEAD -> master)
Author: Abrar <209x1a05g2@gprec.ac.in>
Date:   Thu Jan 12 22:00:18 2023 +0530

    Python hello world file added

commit 5ea237e331bbf410f4dc40c26edf145008b15933
Author: Abrar <209x1a05g2@gprec.ac.in>
Date:   Thu Jan 12 21:50:52 2023 +0530

    Second commit after adding 2nd line

commit b6f1c095389b92b3857092f4579c59560d4f2176
Author: Abrar <209x1a05g2@gprec.ac.in>
Date:   Thu Jan 12 21:48:07 2023 +0530

    first commit bro

C:\Abrargit\repo1\.git>git status
fatal: this operation must be run in a work tree

C:\Abrargit\repo1\.git>cd ..

C:\Abrargit\repo1>git status
On branch master
nothing to commit, working tree clean

C:\Abrargit\repo1>cd .git

C:\Abrargit\repo1\.git> echo "temporarily added file">> temp.txt

C:\Abrargit\repo1\.git>dir
 Volume in drive C is Windows
 Volume Serial Number is A238-DD90

 Directory of C:\Abrargit\repo1\.git

12-01-2023  22:09                17 COMMIT_EDITMSG
12-01-2023  21:37               130 config
12-01-2023  21:37                73 description
12-01-2023  21:37                23 HEAD
12-01-2023  21:37    <DIR>          hooks
12-01-2023  22:12               198 index
12-01-2023  21:37    <DIR>          info
12-01-2023  21:48    <DIR>          logs
12-01-2023  22:09    <DIR>          objects
12-01-2023  22:11                41 ORIG_HEAD
12-01-2023  21:37    <DIR>          refs
12-01-2023  22:15                26 temp.txt
               7 File(s)            508 bytes
               5 Dir(s)  134,034,739,200 bytes free

C:\Abrargit\repo1\.git>cd ..

C:\Abrargit\repo1>git status
On branch master
nothing to commit, working tree clean

C:\Abrargit\repo1>del temp.txt
Could Not Find C:\Abrargit\repo1\temp.txt

C:\Abrargit\repo1>cd .git

C:\Abrargit\repo1\.git>del temp.txt

C:\Abrargit\repo1\.git>cd ..

C:\Abrargit\repo1>git remote add origin https://github.com/aeroabrar-31/Abrar_github.git

C:\Abrargit\repo1>git remote -v
origin  https://github.com/aeroabrar-31/Abrar_github.git (fetch)
origin  https://github.com/aeroabrar-31/Abrar_github.git (push)

C:\Abrargit\repo1>git push origin master
info: please complete authentication in your browser...
Enumerating objects: 9, done.
Counting objects: 100% (9/9), done.
Delta compression using up to 4 threads
Compressing objects: 100% (4/4), done.
Writing objects: 100% (9/9), 772 bytes | 257.00 KiB/s, done.
Total 9 (delta 0), reused 0 (delta 0), pack-reused 0
To https://github.com/aeroabrar-31/Abrar_github.git
 * [new branch]      master -> master

C:\Abrargit\repo1>git branch
* master

C:\Abrargit\repo1>"I have added one line through cmd"
